// Jest Snapshot v1, https://goo.gl/fbAQLP

exports[`should render a single item tile 1`] = `
<div
  className="mt-4 w-full md:w-1/2 lg:w-1/3 xl:w-1/5 p-2"
>
  <div
    className="bg-white h-full py-2 px-4"
  >
    <h3
      className="text-xl"
    >
      Waterworld
    </h3>
    <h4>
      Year : 
      1995
    </h4>
    <img
      className="w-full"
      sizes=""
      srcSet="https://via.placeholder.com/400, https://via.placeholder.com/640, https://via.placeholder.com/400"
    />
    <a
      className="mt-4 text-blue-500 block"
      href="https://imdb.com/title/tt0114898"
      target="_blank"
    >
      See more information on 
      Waterworld
    </a>
  </div>
</div>
`;
