// Jest Snapshot v1, https://goo.gl/fbAQLP

exports[`should render a grid of 9 items 1`] = `
<div
  className="w-full flex flex-wrap mt-4 pb-4 px-2"
>
  <div
    className="mt-4 w-full md:w-1/2 lg:w-1/3 xl:w-1/5 p-2"
  >
    <div
      className="bg-white h-full py-2 px-4"
    >
      <h3
        className="text-xl"
      >
        Waterworld
      </h3>
      <h4>
        Year : 
        1995
      </h4>
      <img
        className="w-full"
        sizes=""
        srcSet="https://via.placeholder.com/400, https://via.placeholder.com/640, https://via.placeholder.com/400"
      />
      <a
        className="mt-4 text-blue-500 block"
        href="https://imdb.com/title/tt0114898"
        target="_blank"
      >
        See more information on 
        Waterworld
      </a>
    </div>
  </div>
  <div
    className="mt-4 w-full md:w-1/2 lg:w-1/3 xl:w-1/5 p-2"
  >
    <div
      className="bg-white h-full py-2 px-4"
    >
      <h3
        className="text-xl"
      >
        The Making of 'Waterworld'
      </h3>
      <h4>
        Year : 
        1995
      </h4>
      <img
        className="w-full"
        sizes=""
        srcSet="https://via.placeholder.com/400, https://via.placeholder.com/640, https://via.placeholder.com/400"
      />
      <a
        className="mt-4 text-blue-500 block"
        href="https://imdb.com/title/tt2670548"
        target="_blank"
      >
        See more information on 
        The Making of 'Waterworld'
      </a>
    </div>
  </div>
  <div
    className="mt-4 w-full md:w-1/2 lg:w-1/3 xl:w-1/5 p-2"
  >
    <div
      className="bg-white h-full py-2 px-4"
    >
      <h3
        className="text-xl"
      >
        Waterworld 4: History of the Islands
      </h3>
      <h4>
        Year : 
        1997
      </h4>
      <img
        className="w-full"
        sizes=""
        srcSet="https://via.placeholder.com/400, https://via.placeholder.com/640, https://via.placeholder.com/400"
      />
      <a
        className="mt-4 text-blue-500 block"
        href="https://imdb.com/title/tt0161077"
        target="_blank"
      >
        See more information on 
        Waterworld 4: History of the Islands
      </a>
    </div>
  </div>
  <div
    className="mt-4 w-full md:w-1/2 lg:w-1/3 xl:w-1/5 p-2"
  >
    <div
      className="bg-white h-full py-2 px-4"
    >
      <h3
        className="text-xl"
      >
        Waterworld
      </h3>
      <h4>
        Year : 
        1997
      </h4>
      <img
        className="w-full"
        sizes=""
        srcSet="https://via.placeholder.com/400, https://via.placeholder.com/640, https://via.placeholder.com/400"
      />
      <a
        className="mt-4 text-blue-500 block"
        href="https://imdb.com/title/tt0455840"
        target="_blank"
      >
        See more information on 
        Waterworld
      </a>
    </div>
  </div>
  <div
    className="mt-4 w-full md:w-1/2 lg:w-1/3 xl:w-1/5 p-2"
  >
    <div
      className="bg-white h-full py-2 px-4"
    >
      <h3
        className="text-xl"
      >
        Waterworld
      </h3>
      <h4>
        Year : 
        1997
      </h4>
      <img
        className="w-full"
        sizes=""
        srcSet="https://via.placeholder.com/400, https://via.placeholder.com/640, https://via.placeholder.com/400"
      />
      <a
        className="mt-4 text-blue-500 block"
        href="https://imdb.com/title/tt0390617"
        target="_blank"
      >
        See more information on 
        Waterworld
      </a>
    </div>
  </div>
  <div
    className="mt-4 w-full md:w-1/2 lg:w-1/3 xl:w-1/5 p-2"
  >
    <div
      className="bg-white h-full py-2 px-4"
    >
      <h3
        className="text-xl"
      >
        Swordquest: Waterworld
      </h3>
      <h4>
        Year : 
        1983
      </h4>
      <img
        className="w-full"
        sizes=""
        srcSet="https://via.placeholder.com/400, https://via.placeholder.com/640, https://via.placeholder.com/400"
      />
      <a
        className="mt-4 text-blue-500 block"
        href="https://imdb.com/title/tt2761086"
        target="_blank"
      >
        See more information on 
        Swordquest: Waterworld
      </a>
    </div>
  </div>
  <div
    className="mt-4 w-full md:w-1/2 lg:w-1/3 xl:w-1/5 p-2"
  >
    <div
      className="bg-white h-full py-2 px-4"
    >
      <h3
        className="text-xl"
      >
        Behind the Scenes of the Most Fascinating Waterworld on Earth: The Great Backwaters, Kerala.
      </h3>
      <h4>
        Year : 
        2014
      </h4>
      <img
        className="w-full"
        sizes=""
        srcSet="https://via.placeholder.com/400, https://via.placeholder.com/640, https://via.placeholder.com/400"
      />
      <a
        className="mt-4 text-blue-500 block"
        href="https://imdb.com/title/tt5847056"
        target="_blank"
      >
        See more information on 
        Behind the Scenes of the Most Fascinating Waterworld on Earth: The Great Backwaters, Kerala.
      </a>
    </div>
  </div>
  <div
    className="mt-4 w-full md:w-1/2 lg:w-1/3 xl:w-1/5 p-2"
  >
    <div
      className="bg-white h-full py-2 px-4"
    >
      <h3
        className="text-xl"
      >
        Louise's Waterworld
      </h3>
      <h4>
        Year : 
        1997
      </h4>
      <img
        className="w-full"
        sizes=""
        srcSet="https://via.placeholder.com/400, https://via.placeholder.com/640, https://via.placeholder.com/400"
      />
      <a
        className="mt-4 text-blue-500 block"
        href="https://imdb.com/title/tt0298417"
        target="_blank"
      >
        See more information on 
        Louise's Waterworld
      </a>
    </div>
  </div>
  <div
    className="mt-4 w-full md:w-1/2 lg:w-1/3 xl:w-1/5 p-2"
  >
    <div
      className="bg-white h-full py-2 px-4"
    >
      <h3
        className="text-xl"
      >
        Waterworld
      </h3>
      <h4>
        Year : 
        2001
      </h4>
      <img
        className="w-full"
        sizes=""
        srcSet="https://via.placeholder.com/400, https://via.placeholder.com/640, https://via.placeholder.com/400"
      />
      <a
        className="mt-4 text-blue-500 block"
        href="https://imdb.com/title/tt0381702"
        target="_blank"
      >
        See more information on 
        Waterworld
      </a>
    </div>
  </div>
</div>
`;
